resources:
- name: kuma:blackhole
  resource:
    '@type': type.googleapis.com/envoy.config.cluster.v3.Cluster
    connectTimeout: 5s
    name: kuma:blackhole
    type: STATIC
- name: inbound:10.0.0.1:10001
  resource:
    '@type': type.googleapis.com/envoy.config.listener.v3.Listener
    address:
      socketAddress:
        address: 10.0.0.1
        portValue: 10001
    enableReusePort: false
    filterChains:
    - filters:
      - name: envoy.filters.network.tcp_proxy
        typedConfig:
          '@type': type.googleapis.com/envoy.extensions.filters.network.tcp_proxy.v3.TcpProxy
          cluster: kuma:blackhole
          statPrefix: kuma_blackhole
    listenerFilters:
    - name: envoy.filters.listener.tls_inspector
      typedConfig:
        '@type': type.googleapis.com/envoy.extensions.filters.listener.tls_inspector.v3.TlsInspector
    name: inbound:10.0.0.1:10001
    trafficDirection: INBOUND
